[debug] [2025-04-02T13:19:13.860Z] ----------------------------------------------------------------------
[debug] [2025-04-02T13:19:13.862Z] Command:       C:\Program Files\nodejs\node.exe C:\Users\Pulakesh\AppData\Roaming\npm\node_modules\firebase-tools\lib\bin\firebase.js init
[debug] [2025-04-02T13:19:13.863Z] CLI Version:   12.5.2
[debug] [2025-04-02T13:19:13.863Z] Platform:      win32
[debug] [2025-04-02T13:19:13.863Z] Node Version:  v20.11.0
[debug] [2025-04-02T13:19:13.863Z] Time:          Wed Apr 02 2025 18:49:13 GMT+0530 (India Standard Time)
[debug] [2025-04-02T13:19:13.863Z] ----------------------------------------------------------------------
[debug] 
[debug] [2025-04-02T13:19:13.866Z] >>> [apiv2][query] GET https://firebase-public.firebaseio.com/cli.json [none]
[debug] [2025-04-02T13:19:13.925Z] > command requires scopes: ["email","openid","https://www.googleapis.com/auth/cloudplatformprojects.readonly","https://www.googleapis.com/auth/firebase","https://www.googleapis.com/auth/cloud-platform"]
[debug] [2025-04-02T13:19:13.926Z] > authorizing via signed-in user (pulakeshmalakar.official@gmail.com)
[info] 
     ######## #### ########  ######## ########     ###     ######  ########
     ##        ##  ##     ## ##       ##     ##  ##   ##  ##       ##
     ######    ##  ########  ######   ########  #########  ######  ######
     ##        ##  ##    ##  ##       ##     ## ##     ##       ## ##
     ##       #### ##     ## ######## ########  ##     ##  ######  ########

You're about to initialize a Firebase project in this directory:

  C:\Users\Pulakesh\OneDrive\Desktop\messaging-app

[debug] [2025-04-02T13:19:14.796Z] <<< [apiv2][status] GET https://firebase-public.firebaseio.com/cli.json 200
[debug] [2025-04-02T13:19:14.796Z] <<< [apiv2][body] GET https://firebase-public.firebaseio.com/cli.json {"cloudBuildErrorAfter":1594252800000,"cloudBuildWarnAfter":1590019200000,"defaultNode10After":1594252800000,"minVersion":"3.0.5","node8DeploysDisabledAfter":1613390400000,"node8RuntimeDisabledAfter":1615809600000,"node8WarnAfter":1600128000000}
